Creating test database for alias 'default'...
Found 41 test(s).
System check identified no issues (0 silenced).
.........F....................F..........
======================================================================
FAIL: test_create_target_allocation (portfolio.tests.test_models.TargetAllocationTests.test_create_target_allocation)
Test creating a target allocation.
----------------------------------------------------------------------
Traceback (most recent call last):
  File "/Users/cbeck3/Code/cb3portfolio/portfolio/tests/test_models.py", line 147, in test_create_target_allocation
    self.assertEqual(str(target), f"{self.user.username} - {self.type_roth.label} - {self.asset_class.name}: 40.00%")
AssertionError: 'testuser - Roth IRA (Default) - US Stocks: 40.00%' != 'testuser - Roth IRA - US Stocks: 40.00%'
- testuser - Roth IRA (Default) - US Stocks: 40.00%
?                     ----------
+ testuser - Roth IRA - US Stocks: 40.00%


======================================================================
FAIL: test_redundant_totals (portfolio.tests.test_views.DashboardViewTests.test_redundant_totals)
Verify that redundant total rows are suppressed:
----------------------------------------------------------------------
Traceback (most recent call last):
  File "/Users/cbeck3/Code/cb3portfolio/portfolio/tests/test_views.py", line 124, in test_redundant_totals
    self.assertIn('US Equities', content)
AssertionError: 'US Equities' not found in '<!doctype html>\n<html lang="en">\n\n<head>\n  <meta charset="utf-8">\n  <meta name="viewport" content="width=device-width, initial-scale=1">\n  <title>Dashboard - Portfol</title>\n  <link href="https://cdn.jsdelivr.net/npm/bootstrap@5.3.2/dist/css/bootstrap.min.css" rel="stylesheet">\n  <style>\n    .table {\n      font-size: 0.9rem;\n    }\n    .card {\n      box-shadow: 0 0.125rem 0.25rem rgba(0, 0, 0, 0.075);\n    }\n  </style>\n</head>\n\n<body>\n  <nav class="navbar navbar-expand-lg navbar-dark bg-dark mb-4">\n    <div class="container-fluid">\n      <a class="navbar-brand" href="/">Portfolio Manager</a>\n      <button class="navbar-toggler" type="button" data-bs-toggle="collapse" data-bs-target="#navbarCollapse"\n        aria-controls="navbarCollapse" aria-expanded="false" aria-label="Toggle navigation">\n        <span class="navbar-toggler-icon"></span>\n      </button>\n      <div class="collapse navbar-collapse" id="navbarCollapse">\n        <ul class="navbar-nav me-auto mb-2 mb-md-0">\n          <li class="nav-item">\n            <a class="nav-link" href="/">Dashboard</a>\n          </li>\n          <li class="nav-item">\n            <a class="nav-link" href="/targets/">Allocations</a>\n          </li>\n        </ul>\n        <ul class="navbar-nav">\n          \n          <li class="nav-item">\n            <span class="nav-link text-light">Welcome, testuser</span>\n          </li>\n          <li class="nav-item">\n            <form method="post" action="/accounts/logout/" class="d-inline">\n              <input type="hidden" name="csrfmiddlewaretoken" value="Y1bv7he86fRrWxO45J53rEoFddHzzOXGq2Bpzu7nU0AwjteaX0CU5IJXYYJxO6iV">\n              <button type="submit" class="nav-link btn btn-link" style="text-decoration: none;">Logout</button>\n            </form>\n          </li>\n          \n        </ul>\n      </div>\n    </div>\n  </nav>\n\n  <main class="container-fluid">\n    \n\n    \n\n\n<style>\n    .dashboard-content .holdings-table {\n        table-layout: fixed;\n        font-size: 0.8rem;\n    }\n\n    .dashboard-content .holdings-table col.col-asset {\n        width: var(--asset-col-width, 18%);\n    }\n\n    .dashboard-content .holdings-table col.col-account {\n        width: calc(\n            (100% - var(--asset-col-width, 18%) - var(--total-col-width, 21%))\n            / var(--account-columns, 12)\n        );\n    }\n\n    .dashboard-content .holdings-table col.col-total-sub {\n        width: calc(var(--total-col-width, 21%) / 3);\n        white-space: nowrap;\n    }\n</style>\n\n<div class="dashboard-content" style="--account-columns: 6;">\n<div class="row">\n    <!-- Sidebar Column -->\n    <div class="col-md-2 d-none d-md-block px-0">\n        \n\n\n<div class="sidebar">\n    <div class="sidebar-header mb-3">\n        <h5 class="fw-bold">Net Worth</h5>\n        <h3 class="fw-bold">$4,229</h3>\n    </div>\n\n    <div class="accordion" id="sidebarAccordion">\n        \n        <div class="accordion-item border-0 mb-2">\n            <h2 class="accordion-header" id="heading1">\n                <button\n                    class="accordion-button d-flex justify-content-between align-items-center bg-light rounded"\n                    type="button" data-bs-toggle="collapse" data-bs-target="#collapse1"\n                    aria-expanded="true"\n                    aria-controls="collapse1">\n                    <span class="fw-bold me-auto">Investments</span>\n                    <span class="fw-bold text-success">$4,229</span>\n                </button>\n            </h2>\n            <div id="collapse1"\n                class="accordion-collapse collapse show"\n                aria-labelledby="heading1">\n                <div class="accordion-body p-0">\n                    <ul class="list-group list-group-flush">\n                        \n                        <a href="/account/2/" class="text-decoration-none text-dark">\n                        <li class="list-group-item border-0 d-flex justify-content-between align-items-center ps-4">\n                            <div>\n                                <div class="fw-bold">My Cash</div>\n                                <div class="text-muted small">Test Bank</div>\n                            </div>\n                            <div class="text-end">\n                                <div class="text-success small fw-bold">\n                                    $4,229\n                                </div>\n                                \n                                <div class="text-muted small" style="font-size: 0.75em;" title="Absolute Deviation vs Target">\n                                    dev: <span style="visibility: hidden">(</span>100.0%<span style="visibility: hidden">)</span>\n                                </div>\n                                \n                            </div>\n                        </li>\n                        </a>\n                        \n                    </ul>\n                </div>\n            </div>\n        </div>\n        \n        <div class="accordion-item border-0 mb-2">\n            <h2 class="accordion-header" id="heading2">\n                <button\n                    class="accordion-button d-flex justify-content-between align-items-center bg-light rounded"\n                    type="button" data-bs-toggle="collapse" data-bs-target="#collapse2"\n                    aria-expanded="true"\n                    aria-controls="collapse2">\n                    <span class="fw-bold me-auto">Retirement</span>\n                    <span class="fw-bold text-success">$0</span>\n                </button>\n            </h2>\n            <div id="collapse2"\n                class="accordion-collapse collapse show"\n                aria-labelledby="heading2">\n                <div class="accordion-body p-0">\n                    <ul class="list-group list-group-flush">\n                        \n                        <a href="/account/1/" class="text-decoration-none text-dark">\n                        <li class="list-group-item border-0 d-flex justify-content-between align-items-center ps-4">\n                            <div>\n                                <div class="fw-bold">My Roth</div>\n                                <div class="text-muted small">Test Bank</div>\n                            </div>\n                            <div class="text-end">\n                                <div class="text-success small fw-bold">\n                                    $0\n                                </div>\n                                \n                            </div>\n                        </li>\n                        </a>\n                        \n                    </ul>\n                </div>\n            </div>\n        </div>\n        \n    </div>\n</div>\n\n<style>\n    .sidebar {\n        background-color: #f8f9fa;\n        height: 100%;\n        padding: 1rem;\n        border-right: 1px solid #dee2e6;\n    }\n\n    .accordion-item {\n        background-color: #ffffff;\n        box-shadow: 0 1px 3px rgba(0,0,0,0.05);\n        border: 1px solid rgba(0,0,0,0.05);\n    }\n\n    .accordion-button {\n        background-color: #ffffff;\n        color: #212529;\n        box-shadow: none;\n    }\n\n    .accordion-button:not(.collapsed) {\n        background-color: #f1f3f5;\n        color: #212529;\n        box-shadow: none;\n        border-bottom: 1px solid #dee2e6;\n    }\n\n    .accordion-button:focus {\n        box-shadow: none;\n        border-color: rgba(0, 0, 0, .125);\n    }\n\n    .accordion-button::after {\n        margin-left: 0.5rem;\n    }\n\n    .list-group-item {\n        background-color: transparent;\n    }\n\n    .list-group-item:hover {\n        background-color: #f8f9fa;\n    }\n</style>\n    </div>\n\n    <!-- Main Content Column -->\n    <div class="col-md-10">\n        <div class="row">\n            <div class="col-md-12">\n                <div class="d-flex justify-content-between align-items-center mb-4">\n                    <div>\n                        <h1 class="mb-0">Dashboard</h1>\n                        <p class="lead mb-0 text-muted">Welcome to your portfolio manager.</p>\n                    </div>\n                    <div>\n                        <a href="/holdings/" class="btn btn-primary">View Holdings</a>\n                        <a href="#" class="btn btn-secondary">Rebalance</a>\n                    </div>\n                </div>\n\n                <div class="card mt-4">\n                    <div class="card-header">\n                        Holdings Summary\n                    </div>\n                    <div class="card-body">\n                        <div class="table-responsive">\n                            <table class="table table-striped table-bordered holdings-table">\n                                <colgroup>\n                                    <col class="col-asset">\n                                    \n                                    <col class="col-account">\n                                    <col class="col-account">\n                                    <col class="col-account">\n                                    \n                                    <col class="col-account">\n                                    <col class="col-account">\n                                    <col class="col-account">\n                                    \n                                    <col class="col-total-sub">\n                                    <col class="col-total-sub">\n                                    <col class="col-total-sub">\n                                </colgroup>\n                                <thead>\n                                    <tr>\n                                        <th rowspan="2">Asset Class</th>\n                                        \n                                        <th colspan="3" class="text-center">Roth IRA</th>\n                                        \n                                        <th colspan="3" class="text-center">Taxable</th>\n                                        \n                                        <th colspan="3" class="text-center text-nowrap">Total</th>\n                                    </tr>\n                                    <tr>\n                                        \n                                        <th class="text-end">Current</th>\n                                        <th class="text-end">Target</th>\n                                        <th class="text-end">vTarget</th>\n                                        \n                                        <th class="text-end">Current</th>\n                                        <th class="text-end">Target</th>\n                                        <th class="text-end">vTarget</th>\n                                        \n                                        <th class="text-end">Current</th>\n                                        <th class="text-end">Target</th>\n                                        <th class="text-end">vTarget</th>\n                                    </tr>\n                                </thead>\n                                <tbody>\n                                    \n                                    \n                                    \n                                    <tr class="group-1-rows collapse show">\n                                        <td class="ps-4">US Stocks</td>\n                                        \n                                        \n                                        <td class="text-end">-</td>\n                                        <td class="text-end">-</td>\n                                        <td class="text-end text-danger">\n                                            -\n                                        </td>\n                                        \n                                        \n                                        \n                                        <td class="text-end"><span style="visibility: hidden">(</span>$3,376<span style="visibility: hidden">)</span></td>\n                                        <td class="text-end"><span style="visibility: hidden">(</span>$0<span style="visibility: hidden">)</span></td>\n                                        <td class="text-end text-success">\n                                            <span style="visibility: hidden">(</span>$3,376<span style="visibility: hidden">)</span>\n                                        </td>\n                                        \n                                        \n                                        <td class="text-end fw-bold text-nowrap"><span style="visibility: hidden">(</span>$3,376<span style="visibility: hidden">)</span></td>\n                                        <td class="text-end fw-bold text-nowrap"><span style="visibility: hidden">(</span>$0<span style="visibility: hidden">)</span></td>\n                                        <td class="text-end fw-bold text-nowrap text-success">\n                                            <span style="visibility: hidden">(</span>$3,376<span style="visibility: hidden">)</span>\n                                        </td>\n                                    </tr>\n                                    \n                                    \n                                    \n                                    \n                                    <tr class="group-1-rows collapse show">\n                                        <td class="ps-4">Intl Stocks</td>\n                                        \n                                        \n                                        <td class="text-end">-</td>\n                                        <td class="text-end">-</td>\n                                        <td class="text-end text-danger">\n                                            -\n                                        </td>\n                                        \n                                        \n                                        \n                                        <td class="text-end"><span style="visibility: hidden">(</span>$754<span style="visibility: hidden">)</span></td>\n                                        <td class="text-end"><span style="visibility: hidden">(</span>$0<span style="visibility: hidden">)</span></td>\n                                        <td class="text-end text-success">\n                                            <span style="visibility: hidden">(</span>$754<span style="visibility: hidden">)</span>\n                                        </td>\n                                        \n                                        \n                                        <td class="text-end fw-bold text-nowrap"><span style="visibility: hidden">(</span>$754<span style="visibility: hidden">)</span></td>\n                                        <td class="text-end fw-bold text-nowrap"><span style="visibility: hidden">(</span>$0<span style="visibility: hidden">)</span></td>\n                                        <td class="text-end fw-bold text-nowrap text-success">\n                                            <span style="visibility: hidden">(</span>$754<span style="visibility: hidden">)</span>\n                                        </td>\n                                    </tr>\n                                    \n                                    \n                                    \n                                    \n                                    <tr class="table-primary fw-bold border-top group-toggle mt-3"\n                                        data-bs-toggle="collapse" data-bs-target=".group-1-rows"\n                                        aria-expanded="true" role="button">\n                                        <td>Equities Total</td>\n                                        \n                                        \n                                        <td class="text-end">-</td>\n                                        <td class="text-end">-</td>\n                                        <td class="text-end text-danger">\n                                            -\n                                        </td>\n                                        \n                                        \n                                        \n                                        <td class="text-end"><span style="visibility: hidden">(</span>$4,129<span style="visibility: hidden">)</span></td>\n                                        <td class="text-end"><span style="visibility: hidden">(</span>$0<span style="visibility: hidden">)</span></td>\n                                        <td class="text-end text-success">\n                                            <span style="visibility: hidden">(</span>$4,129<span style="visibility: hidden">)</span>\n                                        </td>\n                                        \n                                        \n                                        <td class="text-end text-nowrap"><span style="visibility: hidden">(</span>$4,129<span style="visibility: hidden">)</span></td>\n                                        <td class="text-end text-nowrap"><span style="visibility: hidden">(</span>$0<span style="visibility: hidden">)</span></td>\n                                        <td class="text-end text-nowrap text-success">\n                                            <span style="visibility: hidden">(</span>$4,129<span style="visibility: hidden">)</span>\n                                        </td>\n                                    </tr>\n                                    \n                                    \n                                    \n                                    \n                                    <tr class="group-2-rows collapse show">\n                                        <td class="ps-4">Cash</td>\n                                        \n                                        \n                                        <td class="text-end">-</td>\n                                        <td class="text-end">-</td>\n                                        <td class="text-end text-danger">\n                                            -\n                                        </td>\n                                        \n                                        \n                                        \n                                        <td class="text-end"><span style="visibility: hidden">(</span>$100<span style="visibility: hidden">)</span></td>\n                                        <td class="text-end"><span style="visibility: hidden">(</span>$0<span style="visibility: hidden">)</span></td>\n                                        <td class="text-end text-success">\n                                            <span style="visibility: hidden">(</span>$100<span style="visibility: hidden">)</span>\n                                        </td>\n                                        \n                                        \n                                        <td class="text-end fw-bold text-nowrap"><span style="visibility: hidden">(</span>$100<span style="visibility: hidden">)</span></td>\n                                        <td class="text-end fw-bold text-nowrap"><span style="visibility: hidden">(</span>$0<span style="visibility: hidden">)</span></td>\n                                        <td class="text-end fw-bold text-nowrap text-success">\n                                            <span style="visibility: hidden">(</span>$100<span style="visibility: hidden">)</span>\n                                        </td>\n                                    </tr>\n                                    \n                                    \n                                    \n                                    \n                                    \n                                </tbody>\n                                <tfoot>\n                                    <tr class="table-dark fw-bold">\n                                        <td>Grand Total</td>\n                                        \n                                        \n                                        <td class="text-end">-</td>\n                                        <td class="text-end">-</td>\n                                        <td class="text-end text-danger">\n                                            -\n                                        </td>\n                                        \n                                        \n                                        \n                                        <td class="text-end"><span style="visibility: hidden">(</span>$4,229<span style="visibility: hidden">)</span></td>\n                                        <td class="text-end"><span style="visibility: hidden">(</span>$0<span style="visibility: hidden">)</span></td>\n                                        <td class="text-end text-success">\n                                            <span style="visibility: hidden">(</span>$4,229<span style="visibility: hidden">)</span>\n                                        </td>\n                                        \n                                        \n                                        <td class="text-end text-nowrap">\n                                            <span style="visibility: hidden">(</span>$4,229<span style="visibility: hidden">)</span>\n                                        </td>\n                                        <td class="text-end text-nowrap">\n                                            <span style="visibility: hidden">(</span>$0<span style="visibility: hidden">)</span>\n                                        </td>\n                                        <td class="text-end text-nowrap text-success">\n                                            <span style="visibility: hidden">(</span>$4,229<span style="visibility: hidden">)</span>\n                                        </td>\n                                    </tr>\n                                </tfoot>\n                            </table>\n                        </div>\n                    </div>\n                </div>\n\n                <div class="card mt-3">\n                    <div class="card-header">\n                        Allocation by Account Type (Percentage)\n                    </div>\n                    <div class="card-body">\n                        <div class="table-responsive">\n                            <table class="table table-striped table-bordered mb-0 holdings-table">\n                                <colgroup>\n                                    <col class="col-asset">\n                                    \n                                    <col class="col-account">\n                                    <col class="col-account">\n                                    <col class="col-account">\n                                    \n                                    <col class="col-account">\n                                    <col class="col-account">\n                                    <col class="col-account">\n                                    \n                                    <col class="col-total-sub">\n                                    <col class="col-total-sub">\n                                    <col class="col-total-sub">\n                                </colgroup>\n                                <thead>\n                                    <tr>\n                                        <th rowspan="2">Asset Class</th>\n                                        \n                                        <th colspan="3" class="text-center">Roth IRA</th>\n                                        \n                                        <th colspan="3" class="text-center">Taxable</th>\n                                        \n                                        <th colspan="3" class="text-center text-nowrap">Total</th>\n                                    </tr>\n                                    <tr>\n                                        \n                                        <th class="text-end">Current</th>\n                                        <th class="text-end">Target</th>\n                                        <th class="text-end">vTarget</th>\n                                        \n                                        <th class="text-end">Current</th>\n                                        <th class="text-end">Target</th>\n                                        <th class="text-end">vTarget</th>\n                                        \n                                        <th class="text-end">Current</th>\n                                        <th class="text-end">Target</th>\n                                        <th class="text-end">vTarget</th>\n                                    </tr>\n                                </thead>\n                                <tbody>\n                                    \n                                    \n                                    \n                                    <tr>\n                                        <td class="ps-4">US Stocks</td>\n                                        \n                                        \n                                        \n                                        <td class="text-end"><span style="visibility: hidden">(</span>0.0%<span style="visibility: hidden">)</span></td>\n                                        <td class="text-end"><span style="visibility: hidden">(</span>0.0%<span style="visibility: hidden">)</span></td>\n                                        \n                                        <td class="text-end text-success">\n                                            <span style="visibility: hidden">(</span>0.0%<span style="visibility: hidden">)</span>\n                                        </td>\n                                        \n                                        \n                                        \n                                        \n                                        \n                                        \n                                        <td class="text-end"><span style="visibility: hidden">(</span>79.8%<span style="visibility: hidden">)</span></td>\n                                        <td class="text-end"><span style="visibility: hidden">(</span>0.0%<span style="visibility: hidden">)</span></td>\n                                        \n                                        <td class="text-end text-success">\n                                            <span style="visibility: hidden">(</span>79.8%<span style="visibility: hidden">)</span>\n                                        </td>\n                                        \n                                        \n                                        \n                                        \n                                        \n                                        <td class="text-end fw-bold text-nowrap"><span style="visibility: hidden">(</span>79.8%<span style="visibility: hidden">)</span></td>\n                                        <td class="text-end fw-bold text-nowrap"><span style="visibility: hidden">(</span>0.0%<span style="visibility: hidden">)</span></td>\n                                        <td class="text-end fw-bold text-nowrap text-success">\n                                            <span style="visibility: hidden">(</span>79.8%<span style="visibility: hidden">)</span>\n                                        </td>\n                                        \n                                    </tr>\n                                    \n                                    \n                                    \n                                    \n                                    <tr>\n                                        <td class="ps-4">Intl Stocks</td>\n                                        \n                                        \n                                        \n                                        <td class="text-end"><span style="visibility: hidden">(</span>0.0%<span style="visibility: hidden">)</span></td>\n                                        <td class="text-end"><span style="visibility: hidden">(</span>0.0%<span style="visibility: hidden">)</span></td>\n                                        \n                                        <td class="text-end text-success">\n                                            <span style="visibility: hidden">(</span>0.0%<span style="visibility: hidden">)</span>\n                                        </td>\n                                        \n                                        \n                                        \n                                        \n                                        \n                                        \n                                        <td class="text-end"><span style="visibility: hidden">(</span>17.8%<span style="visibility: hidden">)</span></td>\n                                        <td class="text-end"><span style="visibility: hidden">(</span>0.0%<span style="visibility: hidden">)</span></td>\n                                        \n                                        <td class="text-end text-success">\n                                            <span style="visibility: hidden">(</span>17.8%<span style="visibility: hidden">)</span>\n                                        </td>\n                                        \n                                        \n                                        \n                                        \n                                        \n                                        <td class="text-end fw-bold text-nowrap"><span style="visibility: hidden">(</span>17.8%<span style="visibility: hidden">)</span></td>\n                                        <td class="text-end fw-bold text-nowrap"><span style="visibility: hidden">(</span>0.0%<span style="visibility: hidden">)</span></td>\n                                        <td class="text-end fw-bold text-nowrap text-success">\n                                            <span style="visibility: hidden">(</span>17.8%<span style="visibility: hidden">)</span>\n                                        </td>\n                                        \n                                    </tr>\n                                    \n                                    \n                                    \n                                    \n                                    <tr class="table-primary fw-bold border-top">\n                                        <td>Equities Total</td>\n                                        \n                                        \n                                        \n                                        \n                                        <td class="text-end"><span style="visibility: hidden">(</span>0.0%<span style="visibility: hidden">)</span></td>\n                                        <td class="text-end"><span style="visibility: hidden">(</span>0.0%<span style="visibility: hidden">)</span></td>\n                                        \n                                        <td class="text-end text-success">\n                                            <span style="visibility: hidden">(</span>0.0%<span style="visibility: hidden">)</span>\n                                        </td>\n                                        \n                                        \n                                        \n                                        \n                                        \n                                        \n                                        \n                                        \n                                        <td class="text-end"><span style="visibility: hidden">(</span>97.6%<span style="visibility: hidden">)</span></td>\n                                        <td class="text-end"><span style="visibility: hidden">(</span>0.0%<span style="visibility: hidden">)</span></td>\n                                        \n                                        <td class="text-end text-success">\n                                            <span style="visibility: hidden">(</span>97.6%<span style="visibility: hidden">)</span>\n                                        </td>\n                                        \n                                        \n                                        \n                                        \n                                        \n                                        \n                                        <td class="text-end text-nowrap"><span style="visibility: hidden">(</span>97.6%<span style="visibility: hidden">)</span></td>\n                                        <td class="text-end text-nowrap"><span style="visibility: hidden">(</span>0.0%<span style="visibility: hidden">)</span></td>\n                                        <td class="text-end text-nowrap text-success">\n                                            <span style="visibility: hidden">(</span>97.6%<span style="visibility: hidden">)</span>\n                                        </td>\n                                        \n                                    </tr>\n                                    \n                                    \n                                    \n                                    \n                                    <tr>\n                                        <td class="ps-4">Cash</td>\n                                        \n                                        \n                                        \n                                        <td class="text-end"><span style="visibility: hidden">(</span>0.0%<span style="visibility: hidden">)</span></td>\n                                        <td class="text-end"><span style="visibility: hidden">(</span>0.0%<span style="visibility: hidden">)</span></td>\n                                        \n                                        <td class="text-end text-success">\n                                            <span style="visibility: hidden">(</span>0.0%<span style="visibility: hidden">)</span>\n                                        </td>\n                                        \n                                        \n                                        \n                                        \n                                        \n                                        \n                                        <td class="text-end"><span style="visibility: hidden">(</span>2.4%<span style="visibility: hidden">)</span></td>\n                                        <td class="text-end"><span style="visibility: hidden">(</span>0.0%<span style="visibility: hidden">)</span></td>\n                                        \n                                        <td class="text-end text-success">\n                                            <span style="visibility: hidden">(</span>2.4%<span style="visibility: hidden">)</span>\n                                        </td>\n                                        \n                                        \n                                        \n                                        \n                                        \n                                        <td class="text-end fw-bold text-nowrap"><span style="visibility: hidden">(</span>2.4%<span style="visibility: hidden">)</span></td>\n                                        <td class="text-end fw-bold text-nowrap"><span style="visibility: hidden">(</span>0.0%<span style="visibility: hidden">)</span></td>\n                                        <td class="text-end fw-bold text-nowrap text-success">\n                                            <span style="visibility: hidden">(</span>2.4%<span style="visibility: hidden">)</span>\n                                        </td>\n                                        \n                                    </tr>\n                                    \n                                    \n                                    \n                                    \n                                    \n                                </tbody>\n                                <tfoot>\n                                    <tr class="table-dark fw-bold">\n                                        <td>Grand Total</td>\n                                        \n                                        \n                                        \n                                        \n                                        <td class="text-end"><span style="visibility: hidden">(</span>0.0%<span style="visibility: hidden">)</span></td>\n                                        <td class="text-end"><span style="visibility: hidden">(</span>0.0%<span style="visibility: hidden">)</span></td>\n                                        \n                                        <td class="text-end text-success">\n                                            <span style="visibility: hidden">(</span>0.0%<span style="visibility: hidden">)</span>\n                                        </td>\n                                        \n                                        \n                                        \n                                        \n                                        \n                                        \n                                        \n                                        \n                                        <td class="text-end"><span style="visibility: hidden">(</span>100.0%<span style="visibility: hidden">)</span></td>\n                                        <td class="text-end"><span style="visibility: hidden">(</span>0.0%<span style="visibility: hidden">)</span></td>\n                                        \n                                        <td class="text-end text-success">\n                                            <span style="visibility: hidden">(</span>100.0%<span style="visibility: hidden">)</span>\n                                        </td>\n                                        \n                                        \n                                        \n                                        \n                                        \n                                        <td class="text-end text-nowrap">100.0%</td>\n                                        <td class="text-end text-nowrap">100.0%</td>\n                                        <td class="text-end text-nowrap">0.0%</td>\n                                    </tr>\n                                </tfoot>\n                            </table>\n                        </div>\n                    </div>\n                </div>\n            </div>\n        </div>\n    </div>\n</div>\n\n\n  </main>\n\n  <script src="https://cdn.jsdelivr.net/npm/bootstrap@5.3.2/dist/js/bootstrap.bundle.min.js"></script>\n</body>\n\n</html>'

----------------------------------------------------------------------
Ran 41 tests in 3.650s

FAILED (failures=2)
Destroying test database for alias 'default'...
